var test_rs = "<pre class=\"shiki\" style=\"background-color: #1E1E1E\"><code><span class=\"line\"><span style=\"color: #569CD6\">fn</span><span style=\"color: #D4D4D4\"> </span><span style=\"color: #DCDCAA\">main</span><span style=\"color: #D4D4D4\">() {</span></span>\n<span class=\"line\"><span style=\"color: #D4D4D4\">    </span><span style=\"color: #DCDCAA\">println!</span><span style=\"color: #D4D4D4\">(</span><span style=\"color: #CE9178\">&quot;Hello!&quot;</span><span style=\"color: #D4D4D4\">);</span></span>\n<span class=\"line\"><span style=\"color: #D4D4D4\">}</span></span></code></pre>";

export { test_rs as default };
